should match snapshot of default values:
  1: |
    apiVersion: v1
    data: null
    kind: Secret
    metadata:
      labels:
        app: mlflow
        chart: mlflow-1.0.0
        heritage: Helm
        release: mlflow
      name: mlflow-env-secret
    type: Opaque
